\BOOKMARK [1][-]{section.1}{\376\377\000I\000n\000t\000r\000o\000d\000u\000c\000t\000i\000o\000n}{}% 1
\BOOKMARK [2][-]{subsection.1.1}{\376\377\000T\000h\000e\000\040\000P\000l\000a\000n\000n\000i\000n\000g\000\040\000P\000r\000o\000b\000l\000e\000m}{section.1}% 2
\BOOKMARK [2][-]{subsection.1.2}{\376\377\000C\000h\000a\000r\000a\000c\000t\000e\000r\000i\000z\000i\000n\000g\000\040\000a\000\040\000P\000l\000a\000n\000n\000e\000r}{section.1}% 3
\BOOKMARK [2][-]{subsection.1.3}{\376\377\000P\000e\000r\000f\000o\000r\000m\000a\000n\000c\000e\000\040\000M\000e\000t\000r\000i\000c\000s}{section.1}% 4
\BOOKMARK [2][-]{subsection.1.4}{\376\377\000C\000o\000n\000t\000e\000n\000t\000s}{section.1}% 5
\BOOKMARK [1][-]{section.2}{\376\377\000C\000o\000n\000f\000i\000g\000u\000r\000a\000t\000i\000o\000n\000\040\000S\000p\000a\000c\000e}{}% 6
\BOOKMARK [2][-]{subsection.2.1}{\376\377\000B\000a\000s\000i\000c\000s}{section.2}% 7
\BOOKMARK [2][-]{subsection.2.2}{\376\377\000D\000e\000g\000r\000e\000e\000s\000\040\000o\000f\000\040\000F\000r\000e\000e\000d\000o\000m}{section.2}% 8
\BOOKMARK [2][-]{subsection.2.3}{\376\377\000P\000a\000r\000a\000m\000e\000t\000r\000i\000z\000a\000t\000i\000o\000n\000s\000\040\000o\000f\000\040\000O\000r\000i\000e\000n\000t\000a\000t\000i\000o\000n}{section.2}% 9
\BOOKMARK [2][-]{subsection.2.4}{\376\377\000F\000r\000e\000e\000\040\000S\000p\000a\000c\000e\000\040\000a\000n\000d\000\040\000O\000b\000s\000t\000a\000c\000l\000e\000s}{section.2}% 10
\BOOKMARK [2][-]{subsection.2.5}{\376\377\000T\000o\000p\000o\000l\000o\000g\000y\000\040\000o\000f\000\040\000C\000o\000n\000f\000i\000g\000u\000r\000a\000t\000i\000o\000n\000\040\000S\000p\000a\000c\000e}{section.2}% 11
\BOOKMARK [2][-]{subsection.2.6}{\376\377\000P\000o\000i\000n\000t\000\040\000R\000e\000p\000r\000e\000s\000e\000n\000t\000a\000t\000i\000o\000n}{section.2}% 12
\BOOKMARK [2][-]{subsection.2.7}{\376\377\000C\000o\000l\000l\000i\000s\000i\000o\000n\000\040\000D\000e\000t\000e\000c\000t\000i\000o\000n}{section.2}% 13
\BOOKMARK [1][-]{section.3}{\376\377\000B\000u\000g\000\040\000A\000l\000g\000o\000r\000i\000t\000h\000m\000s}{}% 14
\BOOKMARK [2][-]{subsection.3.1}{\376\377\000B\000u\000g\0000}{section.3}% 15
\BOOKMARK [2][-]{subsection.3.2}{\376\377\000B\000u\000g\0001}{section.3}% 16
\BOOKMARK [2][-]{subsection.3.3}{\376\377\000B\000u\000g\0002}{section.3}% 17
\BOOKMARK [2][-]{subsection.3.4}{\376\377\000T\000a\000n\000g\000e\000n\000t\000\040\000B\000u\000g}{section.3}% 18
\BOOKMARK [2][-]{subsection.3.5}{\376\377\000C\000o\000m\000p\000a\000r\000i\000n\000g\000\040\000t\000h\000e\000\040\000F\000a\000m\000i\000l\000y}{section.3}% 19
\BOOKMARK [1][-]{section.4}{\376\377\000P\000o\000t\000e\000n\000t\000i\000a\000l\000\040\000F\000u\000n\000c\000t\000i\000o\000n\000s}{}% 20
\BOOKMARK [1][-]{section.5}{\376\377\000G\000r\000i\000d\000-\000B\000a\000s\000e\000d\000\040\000P\000l\000a\000n\000n\000e\000r\000s}{}% 21
\BOOKMARK [2][-]{subsection.5.1}{\376\377\000B\000r\000u\000s\000h\000f\000i\000r\000e\000\040\000P\000l\000a\000n\000n\000e\000r}{section.5}% 22
\BOOKMARK [2][-]{subsection.5.2}{\376\377\000W\000a\000v\000e\000-\000F\000r\000o\000n\000t\000\040\000P\000l\000a\000n\000n\000e\000r}{section.5}% 23
\BOOKMARK [1][-]{section.6}{\376\377\000R\000o\000a\000d\000m\000a\000p\000s}{}% 24
\BOOKMARK [2][-]{subsection.6.1}{\376\377\000V\000i\000s\000i\000b\000i\000l\000i\000t\000y\000\040\000G\000r\000a\000p\000h}{section.6}% 25
\BOOKMARK [2][-]{subsection.6.2}{\376\377\000V\000o\000r\000o\000n\000o\000i\000\040\000D\000i\000a\000g\000r\000a\000m\000\040\000\050\000G\000V\000D\000\051}{section.6}% 26
\BOOKMARK [2][-]{subsection.6.3}{\376\377\000G\000V\000G\000\040\000/\000\040\000H\000G\000V\000G}{section.6}% 27
\BOOKMARK [1][-]{section.7}{\376\377\000C\000e\000l\000l\000\040\000D\000e\000c\000o\000m\000p\000o\000s\000i\000t\000i\000o\000n\000s}{}% 28
\BOOKMARK [2][-]{subsection.7.1}{\376\377\000T\000r\000a\000p\000e\000z\000o\000i\000d\000a\000l\000\040\000D\000e\000c\000o\000m\000p\000o\000s\000i\000t\000i\000o\000n}{section.7}% 29
\BOOKMARK [2][-]{subsection.7.2}{\376\377\000B\000o\000u\000s\000t\000r\000o\000p\000h\000e\000d\000o\000n\000\040\000D\000e\000c\000o\000m\000p\000o\000s\000i\000t\000i\000o\000n}{section.7}% 30
\BOOKMARK [2][-]{subsection.7.3}{\376\377\000C\000e\000l\000l\000\040\000D\000e\000c\000o\000m\000p\000o\000s\000i\000t\000i\000o\000n\000\040\000i\000n\000\040\000H\000i\000g\000h\000e\000r\000\040\000D\000i\000m\000e\000n\000s\000i\000o\000n\000s}{section.7}% 31
\BOOKMARK [3][-]{subsubsection.7.3.1}{\376\377\000C\000a\000n\000n\000y\000'\000s\000\040\000R\000o\000a\000d\000m\000a\000p\000\040\000A\000l\000g\000o\000r\000i\000t\000h\000m}{subsection.7.3}% 32
\BOOKMARK [3][-]{subsubsection.7.3.2}{\376\377\000T\000h\000e\000\040\000H\000a\000l\000t\000i\000n\000g\000\040\000P\000r\000o\000b\000l\000e\000m}{subsection.7.3}% 33
\BOOKMARK [3][-]{subsubsection.7.3.3}{\376\377\000E\000x\000t\000e\000n\000s\000i\000o\000n\000\040\000t\000o\000\040\000n\000\040\000D\000i\000m\000e\000n\000s\000i\000o\000n\000s}{subsection.7.3}% 34
\BOOKMARK [3][-]{subsubsection.7.3.4}{\376\377\000k\000-\000d\000\040\000T\000r\000e\000e}{subsection.7.3}% 35
\BOOKMARK [2][-]{subsection.7.4}{\376\377\000A\000p\000p\000r\000o\000x\000i\000m\000a\000t\000e\000\040\000C\000e\000l\000l\000\040\000D\000e\000c\000o\000m\000p\000o\000s\000i\000t\000i\000o\000n}{section.7}% 36
\BOOKMARK [1][-]{section.8}{\376\377\000R\000o\000a\000d\000m\000a\000p\000p\000i\000n\000g\000\040\000w\000i\000t\000h\000\040\000R\000a\000n\000d\000o\000m\000\040\000S\000a\000m\000p\000l\000i\000n\000g}{}% 37
\BOOKMARK [2][-]{subsection.8.1}{\376\377\000S\000a\000m\000p\000l\000i\000n\000g\000\040\000B\000a\000s\000i\000c\000s}{section.8}% 38
\BOOKMARK [2][-]{subsection.8.2}{\376\377\000C\000o\000v\000e\000r\000a\000g\000e\000,\000\040\000C\000o\000n\000n\000e\000c\000t\000i\000v\000i\000t\000y\000,\000\040\000a\000n\000d\000\040\000E\000x\000p\000a\000n\000s\000i\000v\000e\000n\000e\000s\000s}{section.8}% 39
\BOOKMARK [2][-]{subsection.8.3}{\376\377\000M\000u\000l\000t\000i\000-\000Q\000u\000e\000r\000y\000:\000\040\000P\000R\000M}{section.8}% 40
\BOOKMARK [3][-]{subsubsection.8.3.1}{\376\377\000B\000a\000s\000i\000c\000\040\000P\000R\000M}{subsection.8.3}% 41
\BOOKMARK [3][-]{subsubsection.8.3.2}{\376\377\000O\000B\000P\000R\000M}{subsection.8.3}% 42
\BOOKMARK [3][-]{subsubsection.8.3.3}{\376\377\000O\000t\000h\000e\000r\000\040\000S\000a\000m\000p\000l\000i\000n\000g\000\040\000S\000t\000r\000a\000t\000e\000g\000i\000e\000s}{subsection.8.3}% 43
\BOOKMARK [2][-]{subsection.8.4}{\376\377\000S\000i\000n\000g\000l\000e\000-\000Q\000u\000e\000r\000y\000\040\000P\000l\000a\000n\000n\000e\000r\000s}{section.8}% 44
\BOOKMARK [3][-]{subsubsection.8.4.1}{\376\377\000E\000x\000p\000a\000n\000s\000i\000o\000n\000\040\000+\000\040\000C\000o\000n\000n\000e\000c\000t\000i\000o\000n\000\040\000\050\000S\000i\000n\000g\000l\000e\000-\000Q\000u\000e\000r\000y\000\040\000P\000R\000M\000\051}{subsection.8.4}% 45
\BOOKMARK [3][-]{subsubsection.8.4.2}{\376\377\000E\000S\000T\000\040\000a\000n\000d\000\040\000S\000B\000L}{subsection.8.4}% 46
\BOOKMARK [2][-]{subsection.8.5}{\376\377\000R\000R\000T}{section.8}% 47
\BOOKMARK [3][-]{subsubsection.8.5.1}{\376\377\000B\000a\000s\000i\000c\000\040\000R\000R\000T}{subsection.8.5}% 48
\BOOKMARK [3][-]{subsubsection.8.5.2}{\376\377\000K\000i\000n\000o\000d\000y\000n\000a\000m\000i\000c\000\040\000R\000R\000T}{subsection.8.5}% 49
\BOOKMARK [3][-]{subsubsection.8.5.3}{\376\377\000R\000R\000T\000*}{subsection.8.5}% 50
\BOOKMARK [2][-]{subsection.8.6}{\376\377\000S\000a\000m\000p\000l\000i\000n\000g\000-\000B\000a\000s\000e\000d\000\040\000R\000o\000a\000d\000m\000a\000p\000\040\000o\000f\000\040\000T\000r\000e\000e\000s}{section.8}% 51
\BOOKMARK [2][-]{subsection.8.7}{\376\377\000P\000a\000t\000h\000\040\000P\000o\000s\000t\000-\000P\000r\000o\000c\000e\000s\000s\000i\000n\000g}{section.8}% 52
\BOOKMARK [1][-]{section.9}{\376\377\000K\000a\000l\000m\000a\000n\000\040\000F\000i\000l\000t\000e\000r}{}% 53
\BOOKMARK [2][-]{subsection.9.1}{\376\377\000P\000r\000o\000b\000a\000b\000i\000l\000i\000s\000t\000i\000c\000\040\000E\000s\000t\000i\000m\000a\000t\000i\000o\000n}{section.9}% 54
\BOOKMARK [2][-]{subsection.9.2}{\376\377\000L\000i\000n\000e\000a\000r\000\040\000K\000a\000l\000m\000a\000n\000\040\000F\000i\000l\000t\000e\000r}{section.9}% 55
\BOOKMARK [2][-]{subsection.9.3}{\376\377\000E\000x\000t\000e\000n\000d\000e\000d\000\040\000K\000a\000l\000m\000a\000n\000\040\000F\000i\000l\000t\000e\000r}{section.9}% 56
\BOOKMARK [2][-]{subsection.9.4}{\376\377\000K\000a\000l\000m\000a\000n\000\040\000F\000i\000l\000t\000e\000r\000\040\000f\000o\000r\000\040\000S\000L\000A\000M}{section.9}% 57
\BOOKMARK [2][-]{subsection.9.5}{\376\377\000U\000n\000s\000c\000e\000n\000t\000e\000d\000\040\000K\000a\000l\000m\000a\000n\000\040\000F\000i\000l\000t\000e\000r}{section.9}% 58
\BOOKMARK [1][-]{section.10}{\376\377\000B\000a\000y\000e\000s\000i\000a\000n\000\040\000M\000e\000t\000h\000o\000d\000s}{}% 59
\BOOKMARK [2][-]{subsection.10.1}{\376\377\000R\000e\000c\000u\000r\000s\000i\000v\000e\000\040\000B\000a\000y\000e\000s\000i\000a\000n\000\040\000F\000i\000l\000t\000e\000r\000i\000n\000g}{section.10}% 60
\BOOKMARK [2][-]{subsection.10.2}{\376\377\000R\000e\000p\000r\000e\000s\000e\000n\000t\000i\000n\000g\000\040\000t\000h\000e\000\040\000B\000e\000l\000i\000e\000f}{section.10}% 61
\BOOKMARK [2][-]{subsection.10.3}{\376\377\000M\000a\000p\000p\000i\000n\000g}{section.10}% 62
