This is XeTeX, Version 3.141592653-2.6-0.999996 (TeX Live 2024) (preloaded format=xelatex 2024.11.20)  27 AUG 2026 19:58
entering extended mode
 restricted \write18 enabled.
 file:line:error style messages enabled.
 %&-line parsing enabled.
**"c:/Users/carlo/Desktop/University/TU Munich/Robot Motion Planning/study-site/summary/robot_motion_summary"
(c:/Users/carlo/Desktop/University/TU Munich/Robot Motion Planning/study-site/summary/robot_motion_summary.tex
LaTeX2e <2024-11-01>
L3 programming layer <2024-11-02>
(c:/Users/carlo/AppData/Roaming/TinyTeX/texmf-dist/tex/latex/base/article.cls
Document Class: article 2024/06/29 v1.4n Standard LaTeX document class
(c:/Users/carlo/AppData/Roaming/TinyTeX/texmf-dist/tex/latex/base/size10.clo
File: size10.clo 2024/06/29 v1.4n Standard LaTeX file (size option)
)
\c@part=\count192
\c@section=\count193
\c@subsection=\count194
\c@subsubsection=\count195
\c@paragraph=\count196
\c@subparagraph=\count197
\c@figure=\count198
\c@table=\count199
\abovecaptionskip=\skip49
\belowcaptionskip=\skip50
\bibindent=\dimen141
) (c:/Users/carlo/AppData/Roaming/TinyTeX/texmf-dist/tex/latex/base/inputenc.sty
Package: inputenc 2024/02/08 v1.3d Input encoding file
\inpenc@prehook=\toks17
\inpenc@posthook=\toks18


Package inputenc Warning: inputenc package ignored with utf8 based engines.

) (c:/Users/carlo/AppData/Roaming/TinyTeX/texmf-dist/tex/latex/base/fontenc.sty
Package: fontenc 2021/04/29 v2.0v Standard LaTeX package
LaTeX Font Info:    Trying to load font information for T1+lmr on input line 116.
 (c:/Users/carlo/AppData/Roaming/TinyTeX/texmf-dist/tex/latex/lm/t1lmr.fd
File: t1lmr.fd 2015/05/01 v1.6.1 Font defs for Latin Modern
)) (c:/Users/carlo/AppData/Roaming/TinyTeX/texmf-dist/tex/latex/geometry/geometry.sty
Package: geometry 2020/01/02 v5.9 Page Geometry
 (c:/Users/carlo/AppData/Roaming/TinyTeX/texmf-dist/tex/latex/graphics/keyval.sty
Package: keyval 2022/05/29 v1.15 key=value parser (DPC)
\KV@toks@=\toks19
) (c:/Users/carlo/AppData/Roaming/TinyTeX/texmf-dist/tex/generic/iftex/ifvtex.sty
Package: ifvtex 2019/10/25 v1.7 ifvtex legacy package. Use iftex instead.
 (c:/Users/carlo/AppData/Roaming/TinyTeX/texmf-dist/tex/generic/iftex/iftex.sty
Package: iftex 2022/02/03 v1.0f TeX engine tests
))
\Gm@cnth=\count266
\Gm@cntv=\count267
\c@Gm@tempcnt=\count268
\Gm@bindingoffset=\dimen142
\Gm@wd@mp=\dimen143
\Gm@odd@mp=\dimen144
\Gm@even@mp=\dimen145
\Gm@layoutwidth=\dimen146
\Gm@layoutheight=\dimen147
\Gm@layouthoffset=\dimen148
\Gm@layoutvoffset=\dimen149
\Gm@dimlist=\toks20
) (c:/Users/carlo/AppData/Roaming/TinyTeX/texmf-dist/tex/latex/tools/multicol.sty
Package: multicol 2024/09/14 v1.9i multicolumn formatting (FMi)
\c@tracingmulticols=\count269
\mult@box=\box52
\multicol@leftmargin=\dimen150
\c@unbalance=\count270
\c@collectmore=\count271
\doublecol@number=\count272
\multicoltolerance=\count273
\multicolpretolerance=\count274
\full@width=\dimen151
\page@free=\dimen152
\premulticols=\dimen153
\postmulticols=\dimen154
\multicolsep=\skip51
\multicolbaselineskip=\skip52
\partial@page=\box53
\last@line=\box54
\mc@boxedresult=\box55
\maxbalancingoverflow=\dimen155
\mult@rightbox=\box56
\mult@grightbox=\box57
\mult@firstbox=\box58
\mult@gfirstbox=\box59
\@tempa=\box60
\@tempa=\box61
\@tempa=\box62
\@tempa=\box63
\@tempa=\box64
\@tempa=\box65
\@tempa=\box66
\@tempa=\box67
\@tempa=\box68
\@tempa=\box69
\@tempa=\box70
\@tempa=\box71
\@tempa=\box72
\@tempa=\box73
\@tempa=\box74
\@tempa=\box75
\@tempa=\box76
\@tempa=\box77
\@tempa=\box78
\@tempa=\box79
\@tempa=\box80
\@tempa=\box81
\@tempa=\box82
\@tempa=\box83
\@tempa=\box84
\@tempa=\box85
\@tempa=\box86
\@tempa=\box87
\@tempa=\box88
\@tempa=\box89
\@tempa=\box90
\@tempa=\box91
\@tempa=\box92
\@tempa=\box93
\@tempa=\box94
\@tempa=\box95
\c@minrows=\count275
\c@columnbadness=\count276
\c@finalcolumnbadness=\count277
\last@try=\dimen156
\multicolovershoot=\dimen157
\multicolundershoot=\dimen158
\mult@nat@firstbox=\box96
\colbreak@box=\box97
\mc@col@check@num=\count278
) (c:/Users/carlo/AppData/Roaming/TinyTeX/texmf-dist/tex/latex/amsmath/amsmath.sty
Package: amsmath 2024/11/05 v2.17t AMS math features
\@mathmargin=\skip53

For additional information on amsmath, use the `?' option.
(c:/Users/carlo/AppData/Roaming/TinyTeX/texmf-dist/tex/latex/amsmath/amstext.sty
Package: amstext 2021/08/26 v2.01 AMS text
 (c:/Users/carlo/AppData/Roaming/TinyTeX/texmf-dist/tex/latex/amsmath/amsgen.sty
File: amsgen.sty 1999/11/30 v2.0 generic functions
\@emptytoks=\toks21
\ex@=\dimen159
)) (c:/Users/carlo/AppData/Roaming/TinyTeX/texmf-dist/tex/latex/amsmath/amsbsy.sty
Package: amsbsy 1999/11/29 v1.2d Bold Symbols
\pmbraise@=\dimen160
) (c:/Users/carlo/AppData/Roaming/TinyTeX/texmf-dist/tex/latex/amsmath/amsopn.sty
Package: amsopn 2022/04/08 v2.04 operator names
)
\inf@bad=\count279
LaTeX Info: Redefining \frac on input line 233.
\uproot@=\count280
\leftroot@=\count281
LaTeX Info: Redefining \overline on input line 398.
LaTeX Info: Redefining \colon on input line 409.
\classnum@=\count282
\DOTSCASE@=\count283
LaTeX Info: Redefining \ldots on input line 495.
LaTeX Info: Redefining \dots on input line 498.
LaTeX Info: Redefining \cdots on input line 619.
\Mathstrutbox@=\box98
\strutbox@=\box99
LaTeX Info: Redefining \big on input line 721.
LaTeX Info: Redefining \Big on input line 722.
LaTeX Info: Redefining \bigg on input line 723.
LaTeX Info: Redefining \Bigg on input line 724.
\big@size=\dimen161
LaTeX Font Info:    Redeclaring font encoding OML on input line 742.
LaTeX Font Info:    Redeclaring font encoding OMS on input line 743.
\macc@depth=\count284
LaTeX Info: Redefining \bmod on input line 904.
LaTeX Info: Redefining \pmod on input line 909.
LaTeX Info: Redefining \smash on input line 939.
LaTeX Info: Redefining \relbar on input line 969.
LaTeX Info: Redefining \Relbar on input line 970.
\c@MaxMatrixCols=\count285
\dotsspace@=\muskip17
\c@parentequation=\count286
\dspbrk@lvl=\count287
\tag@help=\toks22
\row@=\count288
\column@=\count289
\maxfields@=\count290
\andhelp@=\toks23
\eqnshift@=\dimen162
\alignsep@=\dimen163
\tagshift@=\dimen164
\tagwidth@=\dimen165
\totwidth@=\dimen166
\lineht@=\dimen167
\@envbody=\toks24
\multlinegap=\skip54
\multlinetaggap=\skip55
\mathdisplay@stack=\toks25
LaTeX Info: Redefining \[ on input line 2953.
LaTeX Info: Redefining \] on input line 2954.
) (c:/Users/carlo/AppData/Roaming/TinyTeX/texmf-dist/tex/latex/amsfonts/amssymb.sty
Package: amssymb 2013/01/14 v3.01 AMS font symbols
 (c:/Users/carlo/AppData/Roaming/TinyTeX/texmf-dist/tex/latex/amsfonts/amsfonts.sty
Package: amsfonts 2013/01/14 v3.01 Basic AMSFonts support
\symAMSa=\mathgroup4
\symAMSb=\mathgroup5
LaTeX Font Info:    Redeclaring math symbol \hbar on input line 98.
LaTeX Font Info:    Overwriting math alphabet `\mathfrak' in version `bold'
(Font)                  U/euf/m/n --> U/euf/b/n on input line 106.
)) (c:/Users/carlo/AppData/Roaming/TinyTeX/texmf-dist/tex/latex/enumitem/enumitem.sty
Package: enumitem 2019/06/20 v3.9 Customized lists
\labelindent=\skip56
\enit@outerparindent=\dimen168
\enit@toks=\toks26
\enit@inbox=\box100
\enit@count@id=\count291
\enitdp@description=\count292
) (c:/Users/carlo/AppData/Roaming/TinyTeX/texmf-dist/tex/latex/titlesec/titlesec.sty
Package: titlesec 2023/10/27 v2.16 Sectioning titles
\ttl@box=\box101
\beforetitleunit=\skip57
\aftertitleunit=\skip58
\ttl@plus=\dimen169
\ttl@minus=\dimen170
\ttl@toksa=\toks27
\titlewidth=\dimen171
\titlewidthlast=\dimen172
\titlewidthfirst=\dimen173
) (c:/Users/carlo/AppData/Roaming/TinyTeX/texmf-dist/tex/latex/xcolor/xcolor.sty
Package: xcolor 2024/09/29 v3.02 LaTeX color extensions (UK)
 (c:/Users/carlo/AppData/Roaming/TinyTeX/texmf-dist/tex/latex/graphics-cfg/color.cfg
File: color.cfg 2016/01/02 v1.6 sample color configuration
)
Package xcolor Info: Driver file: xetex.def on input line 274.
 (c:/Users/carlo/AppData/Roaming/TinyTeX/texmf-dist/tex/latex/graphics-def/xetex.def
File: xetex.def 2022/09/22 v5.0n Graphics/color driver for xetex
) (c:/Users/carlo/AppData/Roaming/TinyTeX/texmf-dist/tex/latex/graphics/mathcolor.ltx)
Package xcolor Info: Model `cmy' substituted by `cmy0' on input line 1349.
Package xcolor Info: Model `RGB' extended on input line 1365.
Package xcolor Info: Model `HTML' substituted by `rgb' on input line 1367.
Package xcolor Info: Model `Hsb' substituted by `hsb' on input line 1368.
Package xcolor Info: Model `tHsb' substituted by `hsb' on input line 1369.
Package xcolor Info: Model `HSB' substituted by `hsb' on input line 1370.
Package xcolor Info: Model `Gray' substituted by `gray' on input line 1371.
Package xcolor Info: Model `wave' substituted by `hsb' on input line 1372.
) (c:/Users/carlo/AppData/Roaming/TinyTeX/texmf-dist/tex/latex/hyperref/hyperref.sty
Package: hyperref 2024-11-05 v7.01l Hypertext links for LaTeX
 (c:/Users/carlo/AppData/Roaming/TinyTeX/texmf-dist/tex/latex/kvsetkeys/kvsetkeys.sty
Package: kvsetkeys 2022-10-05 v1.19 Key value parser (HO)
) (c:/Users/carlo/AppData/Roaming/TinyTeX/texmf-dist/tex/generic/kvdefinekeys/kvdefinekeys.sty
Package: kvdefinekeys 2019-12-19 v1.6 Define keys (HO)
) (c:/Users/carlo/AppData/Roaming/TinyTeX/texmf-dist/tex/generic/pdfescape/pdfescape.sty
Package: pdfescape 2019/12/09 v1.15 Implements pdfTeX's escape features (HO)
 (c:/Users/carlo/AppData/Roaming/TinyTeX/texmf-dist/tex/generic/ltxcmds/ltxcmds.sty
Package: ltxcmds 2023-12-04 v1.26 LaTeX kernel commands for general use (HO)
) (c:/Users/carlo/AppData/Roaming/TinyTeX/texmf-dist/tex/generic/pdftexcmds/pdftexcmds.sty
Package: pdftexcmds 2020-06-27 v0.33 Utility functions of pdfTeX for LuaTeX (HO)
 (c:/Users/carlo/AppData/Roaming/TinyTeX/texmf-dist/tex/generic/infwarerr/infwarerr.sty
Package: infwarerr 2019/12/03 v1.5 Providing info/warning/error messages (HO)
)
Package pdftexcmds Info: \pdf@primitive is available.
Package pdftexcmds Info: \pdf@ifprimitive is available.
Package pdftexcmds Info: \pdfdraftmode not found.
)) (c:/Users/carlo/AppData/Roaming/TinyTeX/texmf-dist/tex/latex/hycolor/hycolor.sty
Package: hycolor 2020-01-27 v1.10 Color options for hyperref/bookmark (HO)
) (c:/Users/carlo/AppData/Roaming/TinyTeX/texmf-dist/tex/latex/hyperref/nameref.sty
Package: nameref 2023-11-26 v2.56 Cross-referencing by name of section
 (c:/Users/carlo/AppData/Roaming/TinyTeX/texmf-dist/tex/latex/refcount/refcount.sty
Package: refcount 2019/12/15 v3.6 Data extraction from label references (HO)
) (c:/Users/carlo/AppData/Roaming/TinyTeX/texmf-dist/tex/generic/gettitlestring/gettitlestring.sty
Package: gettitlestring 2019/12/15 v1.6 Cleanup title references (HO)
 (c:/Users/carlo/AppData/Roaming/TinyTeX/texmf-dist/tex/latex/kvoptions/kvoptions.sty
Package: kvoptions 2022-06-15 v3.15 Key value format for package options (HO)
))
\c@section@level=\count293
) (c:/Users/carlo/AppData/Roaming/TinyTeX/texmf-dist/tex/latex/etoolbox/etoolbox.sty
Package: etoolbox 2020/10/05 v2.5k e-TeX tools for LaTeX (JAW)
\etb@tempcnta=\count294
) (c:/Users/carlo/AppData/Roaming/TinyTeX/texmf-dist/tex/generic/stringenc/stringenc.sty
Package: stringenc 2019/11/29 v1.12 Convert strings between diff. encodings (HO)
)
\@linkdim=\dimen174
\Hy@linkcounter=\count295
\Hy@pagecounter=\count296
 (c:/Users/carlo/AppData/Roaming/TinyTeX/texmf-dist/tex/latex/hyperref/pd1enc.def
File: pd1enc.def 2024-11-05 v7.01l Hyperref: PDFDocEncoding definition (HO)
) (c:/Users/carlo/AppData/Roaming/TinyTeX/texmf-dist/tex/generic/intcalc/intcalc.sty
Package: intcalc 2019/12/15 v1.3 Expandable calculations with integers (HO)
)
\Hy@SavedSpaceFactor=\count297
 (c:/Users/carlo/AppData/Roaming/TinyTeX/texmf-dist/tex/latex/hyperref/puenc.def
File: puenc.def 2024-11-05 v7.01l Hyperref: PDF Unicode definition (HO)
)
Package hyperref Info: Option `colorlinks' set `true' on input line 4040.
Package hyperref Info: Hyper figures OFF on input line 4157.
Package hyperref Info: Link nesting OFF on input line 4162.
Package hyperref Info: Hyper index ON on input line 4165.
Package hyperref Info: Plain pages OFF on input line 4172.
Package hyperref Info: Backreferencing OFF on input line 4177.
Package hyperref Info: Implicit mode ON; LaTeX internals redefined.
Package hyperref Info: Bookmarks ON on input line 4424.
\c@Hy@tempcnt=\count298
 (c:/Users/carlo/AppData/Roaming/TinyTeX/texmf-dist/tex/latex/url/url.sty
\Urlmuskip=\muskip18
Package: url 2013/09/16  ver 3.4  Verb mode for urls, etc.
)
LaTeX Info: Redefining \url on input line 4763.
\XeTeXLinkMargin=\dimen175
 (c:/Users/carlo/AppData/Roaming/TinyTeX/texmf-dist/tex/generic/bitset/bitset.sty
Package: bitset 2019/12/09 v1.3 Handle bit-vector datatype (HO)
 (c:/Users/carlo/AppData/Roaming/TinyTeX/texmf-dist/tex/generic/bigintcalc/bigintcalc.sty
Package: bigintcalc 2019/12/15 v1.5 Expandable calculations on big integers (HO)
))
\Fld@menulength=\count299
\Field@Width=\dimen176
\Fld@charsize=\dimen177
Package hyperref Info: Hyper figures OFF on input line 6042.
Package hyperref Info: Link nesting OFF on input line 6047.
Package hyperref Info: Hyper index ON on input line 6050.
Package hyperref Info: backreferencing OFF on input line 6057.
Package hyperref Info: Link coloring ON on input line 6060.
Package hyperref Info: Link coloring with OCG OFF on input line 6067.
Package hyperref Info: PDF/A mode OFF on input line 6072.
 (c:/Users/carlo/AppData/Roaming/TinyTeX/texmf-dist/tex/latex/base/atbegshi-ltx.sty
Package: atbegshi-ltx 2021/01/10 v1.0c Emulation of the original atbegshi
package with kernel methods
)
\Hy@abspage=\count300
\c@Item=\count301
\c@Hfootnote=\count302
)
Package hyperref Info: Driver (autodetected): hxetex.
 (c:/Users/carlo/AppData/Roaming/TinyTeX/texmf-dist/tex/latex/hyperref/hxetex.def
File: hxetex.def 2024-11-05 v7.01l Hyperref driver for XeTeX
\pdfm@box=\box102
\c@Hy@AnnotLevel=\count303
\HyField@AnnotCount=\count304
\Fld@listcount=\count305
\c@bookmark@seq@number=\count306
 (c:/Users/carlo/AppData/Roaming/TinyTeX/texmf-dist/tex/latex/rerunfilecheck/rerunfilecheck.sty
Package: rerunfilecheck 2022-07-10 v1.10 Rerun checks for auxiliary files (HO)
 (c:/Users/carlo/AppData/Roaming/TinyTeX/texmf-dist/tex/latex/base/atveryend-ltx.sty
Package: atveryend-ltx 2020/08/19 v1.0a Emulation of the original atveryend package
with kernel methods
) (c:/Users/carlo/AppData/Roaming/TinyTeX/texmf-dist/tex/generic/uniquecounter/uniquecounter.sty
Package: uniquecounter 2019/12/15 v1.4 Provide unlimited unique counter (HO)
)
Package uniquecounter Info: New unique counter `rerunfilecheck' on input line 285.
)
\Hy@SectionHShift=\skip59
) (c:/Users/carlo/AppData/Roaming/TinyTeX/texmf-dist/tex/latex/psnfss/times.sty
Package: times 2020/03/25 PSNFSS-v9.3 (SPQR) 
) (c:/Users/carlo/AppData/Roaming/TinyTeX/texmf-dist/tex/latex/tex-gyre/tgheros.sty
Package: tgheros 2009/09/27 v1.2 TeX Gyre Heros as default sans serif family
) (c:/Users/carlo/AppData/Roaming/TinyTeX/texmf-dist/tex/latex/droid/droidsansmono.sty
Package: droidsansmono 2019/06/20 Style file for Droid Sans Mono.
 (c:/Users/carlo/AppData/Roaming/TinyTeX/texmf-dist/tex/generic/iftex/ifluatex.sty
Package: ifluatex 2019/10/25 v1.5 ifluatex legacy package. Use iftex instead.
) (c:/Users/carlo/AppData/Roaming/TinyTeX/texmf-dist/tex/generic/iftex/ifxetex.sty
Package: ifxetex 2019/10/25 v0.7 ifxetex legacy package. Use iftex instead.
) (c:/Users/carlo/AppData/Roaming/TinyTeX/texmf-dist/tex/latex/xkeyval/xkeyval.sty
Package: xkeyval 2022/06/16 v2.9 package option processing (HA)
 (c:/Users/carlo/AppData/Roaming/TinyTeX/texmf-dist/tex/generic/xkeyval/xkeyval.tex (c:/Users/carlo/AppData/Roaming/TinyTeX/texmf-dist/tex/generic/xkeyval/xkvutils.tex
\XKV@toks=\toks28
\XKV@tempa@toks=\toks29
)
\XKV@depth=\count307
File: xkeyval.tex 2014/12/03 v2.7a key=value parser (HA)
)) (c:/Users/carlo/AppData/Roaming/TinyTeX/texmf-dist/tex/latex/fontspec/fontspec.sty (c:/Users/carlo/AppData/Roaming/TinyTeX/texmf-dist/tex/latex/l3packages/xparse/xparse.sty (c:/Users/carlo/AppData/Roaming/TinyTeX/texmf-dist/tex/latex/l3kernel/expl3.sty
Package: expl3 2024-11-02 L3 programming layer (loader) 
 (c:/Users/carlo/AppData/Roaming/TinyTeX/texmf-dist/tex/latex/l3backend/l3backend-xetex.def
File: l3backend-xetex.def 2024-05-08 L3 backend support: XeTeX
\g__graphics_track_int=\count308
\l__pdf_internal_box=\box103
\g__pdf_backend_annotation_int=\count309
\g__pdf_backend_link_int=\count310
))
Package: xparse 2024-08-16 L3 Experimental document command parser
)
Package: fontspec 2024/05/11 v2.9e Font selection for XeLaTeX and LuaLaTeX
 (c:/Users/carlo/AppData/Roaming/TinyTeX/texmf-dist/tex/latex/fontspec/fontspec-xetex.sty
Package: fontspec-xetex 2024/05/11 v2.9e Font selection for XeLaTeX and LuaLaTeX
\l__fontspec_script_int=\count311
\l__fontspec_language_int=\count312
\l__fontspec_strnum_int=\count313
\l__fontspec_tmp_int=\count314
\l__fontspec_tmpa_int=\count315
\l__fontspec_tmpb_int=\count316
\l__fontspec_tmpc_int=\count317
\l__fontspec_em_int=\count318
\l__fontspec_emdef_int=\count319
\l__fontspec_strong_int=\count320
\l__fontspec_strongdef_int=\count321
\l__fontspec_tmpa_dim=\dimen178
\l__fontspec_tmpb_dim=\dimen179
\l__fontspec_tmpc_dim=\dimen180
 (c:/Users/carlo/AppData/Roaming/TinyTeX/texmf-dist/tex/latex/base/fontenc.sty
Package: fontenc 2021/04/29 v2.0v Standard LaTeX package
) (c:/Users/carlo/AppData/Roaming/TinyTeX/texmf-dist/tex/latex/fontspec/fontspec.cfg)
LaTeX Font Info:    Font shape `TU/lmss/b/n' in size <10> not available
(Font)              Font shape `TU/lmss/bx/n' tried instead on input line 4227.
))
Requested font "[DroidSansMono.ttf]/OT" at 9.99997pt
 -> c:/Users/carlo/AppData/Roaming/TinyTeX/texmf-dist/fonts/truetype/ascender/droid/droidsansmono/DroidSansMono.ttf
Requested font "[DroidSansMono.ttf]/OT" at 10.00003pt
 -> c:/Users/carlo/AppData/Roaming/TinyTeX/texmf-dist/fonts/truetype/ascender/droid/droidsansmono/DroidSansMono.ttf

Package fontspec Info: 
(fontspec)             DroidSansMono scale = .

Requested font "[DroidSansMono.ttf]/OT:language=dflt;" at 10.00003pt
 -> c:/Users/carlo/AppData/Roaming/TinyTeX/texmf-dist/fonts/truetype/ascender/droid/droidsansmono/DroidSansMono.ttf

Package fontspec Info: 
(fontspec)             DroidSansMono scale = .


Package fontspec Info: 
(fontspec)             DroidSansMono scale = .


Package fontspec Info: 
(fontspec)             Font family 'droidsansmono' created for font
(fontspec)             'DroidSansMono' with options
(fontspec)             [Extension=.ttf,Scale=,UprightFont={*},ItalicFont={*},ItalicFeatures={FakeSlant=0.213},NFSSFamily=droidsansmono].
(fontspec)              
(fontspec)              This font family consists of the following NFSS
(fontspec)             series/shapes:
(fontspec)              
(fontspec)             - 'normal' (m/n) with NFSS spec.:
(fontspec)             <->"[DroidSansMono.ttf]/OT:language=dflt;"
(fontspec)             - 'italic' (m/it) with NFSS spec.:
(fontspec)             <->"[DroidSansMono.ttf]/OT:language=dflt;slant=0.213;"


Package fontspec Info: 
(fontspec)             DroidSansMono scale = .


Package fontspec Info: 
(fontspec)             DroidSansMono scale = .


Package fontspec Info: 
(fontspec)             DroidSansMono scale = .


Package fontspec Info: 
(fontspec)             Font family 'fdm' created for font 'DroidSansMono' with
(fontspec)             options
(fontspec)             [Extension=.ttf,Scale=,UprightFont={*},ItalicFont={*},ItalicFeatures={FakeSlant=0.213},NFSSFamily=fdm].
(fontspec)              
(fontspec)              This font family consists of the following NFSS
(fontspec)             series/shapes:
(fontspec)              
(fontspec)             - 'normal' (m/n) with NFSS spec.:
(fontspec)             <->"[DroidSansMono.ttf]/OT:language=dflt;"
(fontspec)             - 'italic' (m/it) with NFSS spec.:
(fontspec)             <->"[DroidSansMono.ttf]/OT:language=dflt;slant=0.213;"

) (c:/Users/carlo/AppData/Roaming/TinyTeX/texmf-dist/tex/latex/fancyhdr/fancyhdr.sty
Package: fancyhdr 2024/07/23 v4.3.1 Extensive control of page headers and footers
\f@nch@headwidth=\skip60
\f@nch@O@elh=\skip61
\f@nch@O@erh=\skip62
\f@nch@O@olh=\skip63
\f@nch@O@orh=\skip64
\f@nch@O@elf=\skip65
\f@nch@O@erf=\skip66
\f@nch@O@olf=\skip67
\f@nch@O@orf=\skip68
) (c:/Users/carlo/AppData/Roaming/TinyTeX/texmf-dist/tex/latex/graphics/graphicx.sty
Package: graphicx 2021/09/16 v1.2d Enhanced LaTeX Graphics (DPC,SPQR)
 (c:/Users/carlo/AppData/Roaming/TinyTeX/texmf-dist/tex/latex/graphics/graphics.sty
Package: graphics 2024/08/06 v1.4g Standard LaTeX Graphics (DPC,SPQR)
 (c:/Users/carlo/AppData/Roaming/TinyTeX/texmf-dist/tex/latex/graphics/trig.sty
Package: trig 2023/12/02 v1.11 sin cos tan (DPC)
) (c:/Users/carlo/AppData/Roaming/TinyTeX/texmf-dist/tex/latex/graphics-cfg/graphics.cfg
File: graphics.cfg 2016/06/04 v1.11 sample graphics configuration
)
Package graphics Info: Driver file: xetex.def on input line 106.
)
\Gin@req@height=\dimen181
\Gin@req@width=\dimen182
) (c:/Users/carlo/AppData/Roaming/TinyTeX/texmf-dist/tex/latex/float/float.sty
Package: float 2001/11/08 v1.3d Float enhancements (AL)
\c@float@type=\count322
\float@exts=\toks30
\float@box=\box104
\@float@everytoks=\toks31
\@floatcapt=\box105
) (c:/Users/carlo/AppData/Roaming/TinyTeX/texmf-dist/tex/latex/tcolorbox/tcolorbox.sty
Package: tcolorbox 2024/10/22 version 6.4.1 text color boxes
 (c:/Users/carlo/AppData/Roaming/TinyTeX/texmf-dist/tex/latex/pgf/frontendlayer/tikz.sty (c:/Users/carlo/AppData/Roaming/TinyTeX/texmf-dist/tex/latex/pgf/basiclayer/pgf.sty (c:/Users/carlo/AppData/Roaming/TinyTeX/texmf-dist/tex/latex/pgf/utilities/pgfrcs.sty (c:/Users/carlo/AppData/Roaming/TinyTeX/texmf-dist/tex/generic/pgf/utilities/pgfutil-common.tex
\pgfutil@everybye=\toks32
\pgfutil@tempdima=\dimen183
\pgfutil@tempdimb=\dimen184
) (c:/Users/carlo/AppData/Roaming/TinyTeX/texmf-dist/tex/generic/pgf/utilities/pgfutil-latex.def
\pgfutil@abb=\box106
) (c:/Users/carlo/AppData/Roaming/TinyTeX/texmf-dist/tex/generic/pgf/utilities/pgfrcs.code.tex (c:/Users/carlo/AppData/Roaming/TinyTeX/texmf-dist/tex/generic/pgf/pgf.revision.tex)
Package: pgfrcs 2023-01-15 v3.1.10 (3.1.10)
))
Package: pgf 2023-01-15 v3.1.10 (3.1.10)
 (c:/Users/carlo/AppData/Roaming/TinyTeX/texmf-dist/tex/latex/pgf/basiclayer/pgfcore.sty (c:/Users/carlo/AppData/Roaming/TinyTeX/texmf-dist/tex/latex/pgf/systemlayer/pgfsys.sty (c:/Users/carlo/AppData/Roaming/TinyTeX/texmf-dist/tex/generic/pgf/systemlayer/pgfsys.code.tex
Package: pgfsys 2023-01-15 v3.1.10 (3.1.10)
 (c:/Users/carlo/AppData/Roaming/TinyTeX/texmf-dist/tex/generic/pgf/utilities/pgfkeys.code.tex
\pgfkeys@pathtoks=\toks33
\pgfkeys@temptoks=\toks34
 (c:/Users/carlo/AppData/Roaming/TinyTeX/texmf-dist/tex/generic/pgf/utilities/pgfkeyslibraryfiltered.code.tex
\pgfkeys@tmptoks=\toks35
))
\pgf@x=\dimen185
\pgf@y=\dimen186
\pgf@xa=\dimen187
\pgf@ya=\dimen188
\pgf@xb=\dimen189
\pgf@yb=\dimen190
\pgf@xc=\dimen191
\pgf@yc=\dimen192
\pgf@xd=\dimen193
\pgf@yd=\dimen194
\w@pgf@writea=\write3
\r@pgf@reada=\read2
\c@pgf@counta=\count323
\c@pgf@countb=\count324
\c@pgf@countc=\count325
\c@pgf@countd=\count326
\t@pgf@toka=\toks36
\t@pgf@tokb=\toks37
\t@pgf@tokc=\toks38
\pgf@sys@id@count=\count327
 (c:/Users/carlo/AppData/Roaming/TinyTeX/texmf-dist/tex/generic/pgf/systemlayer/pgf.cfg
File: pgf.cfg 2023-01-15 v3.1.10 (3.1.10)
)
Driver file for pgf: pgfsys-xetex.def
 (c:/Users/carlo/AppData/Roaming/TinyTeX/texmf-dist/tex/generic/pgf/systemlayer/pgfsys-xetex.def
File: pgfsys-xetex.def 2023-01-15 v3.1.10 (3.1.10)
 (c:/Users/carlo/AppData/Roaming/TinyTeX/texmf-dist/tex/generic/pgf/systemlayer/pgfsys-dvipdfmx.def
File: pgfsys-dvipdfmx.def 2023-01-15 v3.1.10 (3.1.10)
 (c:/Users/carlo/AppData/Roaming/TinyTeX/texmf-dist/tex/generic/pgf/systemlayer/pgfsys-common-pdf.def
File: pgfsys-common-pdf.def 2023-01-15 v3.1.10 (3.1.10)
)
\pgfsys@objnum=\count328
))) (c:/Users/carlo/AppData/Roaming/TinyTeX/texmf-dist/tex/generic/pgf/systemlayer/pgfsyssoftpath.code.tex
File: pgfsyssoftpath.code.tex 2023-01-15 v3.1.10 (3.1.10)
\pgfsyssoftpath@smallbuffer@items=\count329
\pgfsyssoftpath@bigbuffer@items=\count330
) (c:/Users/carlo/AppData/Roaming/TinyTeX/texmf-dist/tex/generic/pgf/systemlayer/pgfsysprotocol.code.tex
File: pgfsysprotocol.code.tex 2023-01-15 v3.1.10 (3.1.10)
)) (c:/Users/carlo/AppData/Roaming/TinyTeX/texmf-dist/tex/generic/pgf/basiclayer/pgfcore.code.tex
Package: pgfcore 2023-01-15 v3.1.10 (3.1.10)
 (c:/Users/carlo/AppData/Roaming/TinyTeX/texmf-dist/tex/generic/pgf/math/pgfmath.code.tex (c:/Users/carlo/AppData/Roaming/TinyTeX/texmf-dist/tex/generic/pgf/math/pgfmathutil.code.tex) (c:/Users/carlo/AppData/Roaming/TinyTeX/texmf-dist/tex/generic/pgf/math/pgfmathparser.code.tex
\pgfmath@dimen=\dimen195
\pgfmath@count=\count331
\pgfmath@box=\box107
\pgfmath@toks=\toks39
\pgfmath@stack@operand=\toks40
\pgfmath@stack@operation=\toks41
) (c:/Users/carlo/AppData/Roaming/TinyTeX/texmf-dist/tex/generic/pgf/math/pgfmathfunctions.code.tex) (c:/Users/carlo/AppData/Roaming/TinyTeX/texmf-dist/tex/generic/pgf/math/pgfmathfunctions.basic.code.tex) (c:/Users/carlo/AppData/Roaming/TinyTeX/texmf-dist/tex/generic/pgf/math/pgfmathfunctions.trigonometric.code.tex) (c:/Users/carlo/AppData/Roaming/TinyTeX/texmf-dist/tex/generic/pgf/math/pgfmathfunctions.random.code.tex) (c:/Users/carlo/AppData/Roaming/TinyTeX/texmf-dist/tex/generic/pgf/math/pgfmathfunctions.comparison.code.tex) (c:/Users/carlo/AppData/Roaming/TinyTeX/texmf-dist/tex/generic/pgf/math/pgfmathfunctions.base.code.tex) (c:/Users/carlo/AppData/Roaming/TinyTeX/texmf-dist/tex/generic/pgf/math/pgfmathfunctions.round.code.tex) (c:/Users/carlo/AppData/Roaming/TinyTeX/texmf-dist/tex/generic/pgf/math/pgfmathfunctions.misc.code.tex) (c:/Users/carlo/AppData/Roaming/TinyTeX/texmf-dist/tex/generic/pgf/math/pgfmathfunctions.integerarithmetics.code.tex) (c:/Users/carlo/AppData/Roaming/TinyTeX/texmf-dist/tex/generic/pgf/math/pgfmathcalc.code.tex) (c:/Users/carlo/AppData/Roaming/TinyTeX/texmf-dist/tex/generic/pgf/math/pgfmathfloat.code.tex
\c@pgfmathroundto@lastzeros=\count332
)) (c:/Users/carlo/AppData/Roaming/TinyTeX/texmf-dist/tex/generic/pgf/math/pgfint.code.tex) (c:/Users/carlo/AppData/Roaming/TinyTeX/texmf-dist/tex/generic/pgf/basiclayer/pgfcorepoints.code.tex
File: pgfcorepoints.code.tex 2023-01-15 v3.1.10 (3.1.10)
\pgf@picminx=\dimen196
\pgf@picmaxx=\dimen197
\pgf@picminy=\dimen198
\pgf@picmaxy=\dimen199
\pgf@pathminx=\dimen256
\pgf@pathmaxx=\dimen257
\pgf@pathminy=\dimen258
\pgf@pathmaxy=\dimen259
\pgf@xx=\dimen260
\pgf@xy=\dimen261
\pgf@yx=\dimen262
\pgf@yy=\dimen263
\pgf@zx=\dimen264
\pgf@zy=\dimen265
) (c:/Users/carlo/AppData/Roaming/TinyTeX/texmf-dist/tex/generic/pgf/basiclayer/pgfcorepathconstruct.code.tex
File: pgfcorepathconstruct.code.tex 2023-01-15 v3.1.10 (3.1.10)
\pgf@path@lastx=\dimen266
\pgf@path@lasty=\dimen267
) (c:/Users/carlo/AppData/Roaming/TinyTeX/texmf-dist/tex/generic/pgf/basiclayer/pgfcorepathusage.code.tex
File: pgfcorepathusage.code.tex 2023-01-15 v3.1.10 (3.1.10)
\pgf@shorten@end@additional=\dimen268
\pgf@shorten@start@additional=\dimen269
) (c:/Users/carlo/AppData/Roaming/TinyTeX/texmf-dist/tex/generic/pgf/basiclayer/pgfcorescopes.code.tex
File: pgfcorescopes.code.tex 2023-01-15 v3.1.10 (3.1.10)
\pgfpic=\box108
\pgf@hbox=\box109
\pgf@layerbox@main=\box110
\pgf@picture@serial@count=\count333
) (c:/Users/carlo/AppData/Roaming/TinyTeX/texmf-dist/tex/generic/pgf/basiclayer/pgfcoregraphicstate.code.tex
File: pgfcoregraphicstate.code.tex 2023-01-15 v3.1.10 (3.1.10)
\pgflinewidth=\dimen270
) (c:/Users/carlo/AppData/Roaming/TinyTeX/texmf-dist/tex/generic/pgf/basiclayer/pgfcoretransformations.code.tex
File: pgfcoretransformations.code.tex 2023-01-15 v3.1.10 (3.1.10)
\pgf@pt@x=\dimen271
\pgf@pt@y=\dimen272
\pgf@pt@temp=\dimen273
) (c:/Users/carlo/AppData/Roaming/TinyTeX/texmf-dist/tex/generic/pgf/basiclayer/pgfcorequick.code.tex
File: pgfcorequick.code.tex 2023-01-15 v3.1.10 (3.1.10)
) (c:/Users/carlo/AppData/Roaming/TinyTeX/texmf-dist/tex/generic/pgf/basiclayer/pgfcoreobjects.code.tex
File: pgfcoreobjects.code.tex 2023-01-15 v3.1.10 (3.1.10)
) (c:/Users/carlo/AppData/Roaming/TinyTeX/texmf-dist/tex/generic/pgf/basiclayer/pgfcorepathprocessing.code.tex
File: pgfcorepathprocessing.code.tex 2023-01-15 v3.1.10 (3.1.10)
) (c:/Users/carlo/AppData/Roaming/TinyTeX/texmf-dist/tex/generic/pgf/basiclayer/pgfcorearrows.code.tex
File: pgfcorearrows.code.tex 2023-01-15 v3.1.10 (3.1.10)
\pgfarrowsep=\dimen274
) (c:/Users/carlo/AppData/Roaming/TinyTeX/texmf-dist/tex/generic/pgf/basiclayer/pgfcoreshade.code.tex
File: pgfcoreshade.code.tex 2023-01-15 v3.1.10 (3.1.10)
\pgf@max=\dimen275
\pgf@sys@shading@range@num=\count334
\pgf@shadingcount=\count335
) (c:/Users/carlo/AppData/Roaming/TinyTeX/texmf-dist/tex/generic/pgf/basiclayer/pgfcoreimage.code.tex
File: pgfcoreimage.code.tex 2023-01-15 v3.1.10 (3.1.10)
) (c:/Users/carlo/AppData/Roaming/TinyTeX/texmf-dist/tex/generic/pgf/basiclayer/pgfcoreexternal.code.tex
File: pgfcoreexternal.code.tex 2023-01-15 v3.1.10 (3.1.10)
\pgfexternal@startupbox=\box111
) (c:/Users/carlo/AppData/Roaming/TinyTeX/texmf-dist/tex/generic/pgf/basiclayer/pgfcorelayers.code.tex
File: pgfcorelayers.code.tex 2023-01-15 v3.1.10 (3.1.10)
) (c:/Users/carlo/AppData/Roaming/TinyTeX/texmf-dist/tex/generic/pgf/basiclayer/pgfcoretransparency.code.tex
File: pgfcoretransparency.code.tex 2023-01-15 v3.1.10 (3.1.10)
) (c:/Users/carlo/AppData/Roaming/TinyTeX/texmf-dist/tex/generic/pgf/basiclayer/pgfcorepatterns.code.tex
File: pgfcorepatterns.code.tex 2023-01-15 v3.1.10 (3.1.10)
)
(c:/Users/carlo/AppData/Roaming/TinyTeX/texmf-dist/tex/generic/pgf/basiclayer/pgfcorerdf.code.tex
File: pgfcorerdf.code.tex 2023-01-15 v3.1.10 (3.1.10)
))) (c:/Users/carlo/AppData/Roaming/TinyTeX/texmf-dist/tex/generic/pgf/modules/pgfmoduleshapes.code.tex
File: pgfmoduleshapes.code.tex 2023-01-15 v3.1.10 (3.1.10)
\pgfnodeparttextbox=\box112
) (c:/Users/carlo/AppData/Roaming/TinyTeX/texmf-dist/tex/generic/pgf/modules/pgfmoduleplot.code.tex
File: pgfmoduleplot.code.tex 2023-01-15 v3.1.10 (3.1.10)
) (c:/Users/carlo/AppData/Roaming/TinyTeX/texmf-dist/tex/latex/pgf/compatibility/pgfcomp-version-0-65.sty
Package: pgfcomp-version-0-65 2023-01-15 v3.1.10 (3.1.10)
\pgf@nodesepstart=\dimen276
\pgf@nodesepend=\dimen277
) (c:/Users/carlo/AppData/Roaming/TinyTeX/texmf-dist/tex/latex/pgf/compatibility/pgfcomp-version-1-18.sty
Package: pgfcomp-version-1-18 2023-01-15 v3.1.10 (3.1.10)
)) (c:/Users/carlo/AppData/Roaming/TinyTeX/texmf-dist/tex/latex/pgf/utilities/pgffor.sty (c:/Users/carlo/AppData/Roaming/TinyTeX/texmf-dist/tex/latex/pgf/utilities/pgfkeys.sty (c:/Users/carlo/AppData/Roaming/TinyTeX/texmf-dist/tex/generic/pgf/utilities/pgfkeys.code.tex)) (c:/Users/carlo/AppData/Roaming/TinyTeX/texmf-dist/tex/latex/pgf/math/pgfmath.sty (c:/Users/carlo/AppData/Roaming/TinyTeX/texmf-dist/tex/generic/pgf/math/pgfmath.code.tex)) (c:/Users/carlo/AppData/Roaming/TinyTeX/texmf-dist/tex/generic/pgf/utilities/pgffor.code.tex
Package: pgffor 2023-01-15 v3.1.10 (3.1.10)
\pgffor@iter=\dimen278
\pgffor@skip=\dimen279
\pgffor@stack=\toks42
\pgffor@toks=\toks43
)) (c:/Users/carlo/AppData/Roaming/TinyTeX/texmf-dist/tex/generic/pgf/frontendlayer/tikz/tikz.code.tex
Package: tikz 2023-01-15 v3.1.10 (3.1.10)
 (c:/Users/carlo/AppData/Roaming/TinyTeX/texmf-dist/tex/generic/pgf/libraries/pgflibraryplothandlers.code.tex
File: pgflibraryplothandlers.code.tex 2023-01-15 v3.1.10 (3.1.10)
\pgf@plot@mark@count=\count336
\pgfplotmarksize=\dimen280
)
\tikz@lastx=\dimen281
\tikz@lasty=\dimen282
\tikz@lastxsaved=\dimen283
\tikz@lastysaved=\dimen284
\tikz@lastmovetox=\dimen285
\tikz@lastmovetoy=\dimen286
\tikzleveldistance=\dimen287
\tikzsiblingdistance=\dimen288
\tikz@figbox=\box113
\tikz@figbox@bg=\box114
\tikz@tempbox=\box115
\tikz@tempbox@bg=\box116
\tikztreelevel=\count337
\tikznumberofchildren=\count338
\tikznumberofcurrentchild=\count339
\tikz@fig@count=\count340
 (c:/Users/carlo/AppData/Roaming/TinyTeX/texmf-dist/tex/generic/pgf/modules/pgfmodulematrix.code.tex
File: pgfmodulematrix.code.tex 2023-01-15 v3.1.10 (3.1.10)
\pgfmatrixcurrentrow=\count341
\pgfmatrixcurrentcolumn=\count342
\pgf@matrix@numberofcolumns=\count343
)
\tikz@expandcount=\count344
 (c:/Users/carlo/AppData/Roaming/TinyTeX/texmf-dist/tex/generic/pgf/frontendlayer/tikz/libraries/tikzlibrarytopaths.code.tex
File: tikzlibrarytopaths.code.tex 2023-01-15 v3.1.10 (3.1.10)
))) (c:/Users/carlo/AppData/Roaming/TinyTeX/texmf-dist/tex/latex/tools/verbatim.sty
Package: verbatim 2024-01-22 v1.5x LaTeX2e package for verbatim enhancements
\every@verbatim=\toks44
\verbatim@line=\toks45
\verbatim@in@stream=\read3
) (c:/Users/carlo/AppData/Roaming/TinyTeX/texmf-dist/tex/latex/environ/environ.sty
Package: environ 2014/05/04 v0.3 A new way to define environments
 (c:/Users/carlo/AppData/Roaming/TinyTeX/texmf-dist/tex/latex/trimspaces/trimspaces.sty
Package: trimspaces 2009/09/17 v1.1 Trim spaces around a token list
))
\tcb@titlebox=\box117
\tcb@upperbox=\box118
\tcb@lowerbox=\box119
\tcb@phantombox=\box120
\c@tcbbreakpart=\count345
\c@tcblayer=\count346
\c@tcolorbox@number=\count347
\l__tcobox_tmpa_box=\box121
\l__tcobox_tmpa_dim=\dimen289
\tcb@temp=\box122
\tcb@temp=\box123
\tcb@temp=\box124
\tcb@temp=\box125
) (c:/Users/carlo/AppData/Roaming/TinyTeX/texmf-dist/tex/latex/tcolorbox/tcbskins.code.tex
Library (tcolorbox): 'tcbskins.code.tex' version '6.4.1'
(c:/Users/carlo/AppData/Roaming/TinyTeX/texmf-dist/tex/latex/tikzfill/tikzfill.image.sty
Package: tikzfill.image 2023/08/08 v1.0.1 Image filling library for TikZ
 (c:/Users/carlo/AppData/Roaming/TinyTeX/texmf-dist/tex/latex/tikzfill/tikzfill-common.sty
Package: tikzfill-common 2023/08/08 v1.0.1 Auxiliary code for tikzfill
) (c:/Users/carlo/AppData/Roaming/TinyTeX/texmf-dist/tex/latex/tikzfill/tikzlibraryfill.image.code.tex
File: tikzlibraryfill.image.code.tex 2023/08/08 v1.0.1 Image filling library
\l__tikzfill_img_box=\box126
)) (c:/Users/carlo/AppData/Roaming/TinyTeX/texmf-dist/tex/latex/tcolorbox/tcbskinsjigsaw.code.tex
Library (tcolorbox): 'tcbskinsjigsaw.code.tex' version '6.4.1'
)) (c:/Users/carlo/AppData/Roaming/TinyTeX/texmf-dist/tex/latex/tcolorbox/tcbbreakable.code.tex
Library (tcolorbox): 'tcbbreakable.code.tex' version '6.4.1'
(c:/Users/carlo/AppData/Roaming/TinyTeX/texmf-dist/tex/latex/pdfcol/pdfcol.sty
Package: pdfcol 2022-09-21 v1.7 Handle new color stacks for pdfTeX (HO)
Package pdfcol Info: Interface disabled because of missing PDF mode of pdfTeX.
)
Package pdfcol Info: pdfTeX's color stacks are not available.
\tcb@testbox=\box127
\tcb@totalupperbox=\box128
\tcb@totallowerbox=\box129
) (c:/Users/carlo/AppData/Roaming/TinyTeX/texmf-dist/tex/latex/booktabs/booktabs.sty
Package: booktabs 2020/01/12 v1.61803398 Publication quality tables
\heavyrulewidth=\dimen290
\lightrulewidth=\dimen291
\cmidrulewidth=\dimen292
\belowrulesep=\dimen293
\belowbottomsep=\dimen294
\aboverulesep=\dimen295
\abovetopsep=\dimen296
\cmidrulesep=\dimen297
\cmidrulekern=\dimen298
\defaultaddspace=\dimen299
\@cmidla=\count348
\@cmidlb=\count349
\@aboverulesep=\dimen300
\@belowrulesep=\dimen301
\@thisruleclass=\count350
\@lastruleclass=\count351
\@thisrulewidth=\dimen302
) (c:/Users/carlo/AppData/Roaming/TinyTeX/texmf-dist/tex/latex/tools/array.sty
Package: array 2024/10/17 v2.6g Tabular extension package (FMi)
\col@sep=\dimen303
\ar@mcellbox=\box130
\extrarowheight=\dimen304
\NC@list=\toks46
\extratabsurround=\skip69
\backup@length=\skip70
\ar@cellbox=\box131
) (c:/Users/carlo/AppData/Roaming/TinyTeX/texmf-dist/tex/latex/parskip/parskip.sty
Package: parskip 2021-03-14 v2.0h non-zero parskip adjustments
)
No file robot_motion_summary.aux.
\openout1 = `robot_motion_summary.aux'.

LaTeX Font Info:    Checking defaults for OML/cmm/m/it on input line 104.
LaTeX Font Info:    ... okay on input line 104.
LaTeX Font Info:    Checking defaults for OMS/cmsy/m/n on input line 104.
LaTeX Font Info:    ... okay on input line 104.
LaTeX Font Info:    Checking defaults for OT1/cmr/m/n on input line 104.
LaTeX Font Info:    ... okay on input line 104.
LaTeX Font Info:    Checking defaults for T1/cmr/m/n on input line 104.
LaTeX Font Info:    ... okay on input line 104.
LaTeX Font Info:    Checking defaults for TS1/cmr/m/n on input line 104.
LaTeX Font Info:    ... okay on input line 104.
LaTeX Font Info:    Checking defaults for TU/lmr/m/n on input line 104.
LaTeX Font Info:    ... okay on input line 104.
LaTeX Font Info:    Checking defaults for OMX/cmex/m/n on input line 104.
LaTeX Font Info:    ... okay on input line 104.
LaTeX Font Info:    Checking defaults for U/cmr/m/n on input line 104.
LaTeX Font Info:    ... okay on input line 104.
LaTeX Font Info:    Checking defaults for PD1/pdf/m/n on input line 104.
LaTeX Font Info:    ... okay on input line 104.
LaTeX Font Info:    Checking defaults for PU/pdf/m/n on input line 104.
LaTeX Font Info:    ... okay on input line 104.
*geometry* driver: auto-detecting
*geometry* detected driver: xetex
*geometry* verbose mode - [ preamble ] result:
* driver: xetex
* paper: a4paper
* layout: <same size as paper>
* layoutoffset:(h,v)=(0.0pt,0.0pt)
* modes: 
* h-part:(L,W,R)=(45.52458pt, 506.45871pt, 45.52458pt)
* v-part:(T,H,B)=(51.21504pt, 736.9263pt, 56.9055pt)
* \paperwidth=597.50787pt
* \paperheight=845.04684pt
* \textwidth=506.45871pt
* \textheight=736.9263pt
* \oddsidemargin=-26.7454pt
* \evensidemargin=-26.7454pt
* \topmargin=-58.05495pt
* \headheight=12.0pt
* \headsep=25.0pt
* \topskip=10.0pt
* \footskip=30.0pt
* \marginparwidth=57.0pt
* \marginparsep=11.0pt
* \columnsep=22.0pt
* \skip\footins=9.0pt plus 4.0pt minus 2.0pt
* \hoffset=0.0pt
* \voffset=0.0pt
* \mag=1000
* \@twocolumnfalse
* \@twosidefalse
* \@mparswitchfalse
* \@reversemarginfalse
* (1in=72.27pt=25.4mm, 1cm=28.453pt)

Package hyperref Info: Link coloring ON on input line 104.
\@outlinefile=\write4
\openout4 = `robot_motion_summary.out'.


Package hyperref Warning: Rerun to get /PageLabels entry.


Package fontspec Info: 
(fontspec)             Adjusting the maths setup (use [no-math] to avoid
(fontspec)             this).

\symlegacymaths=\mathgroup6
LaTeX Font Info:    Overwriting symbol font `legacymaths' in version `bold'
(Font)                  OT1/cmr/m/n --> OT1/cmr/bx/n on input line 104.
LaTeX Font Info:    Redeclaring math accent \acute on input line 104.
LaTeX Font Info:    Redeclaring math accent \grave on input line 104.
LaTeX Font Info:    Redeclaring math accent \ddot on input line 104.
LaTeX Font Info:    Redeclaring math accent \tilde on input line 104.
LaTeX Font Info:    Redeclaring math accent \bar on input line 104.
LaTeX Font Info:    Redeclaring math accent \breve on input line 104.
LaTeX Font Info:    Redeclaring math accent \check on input line 104.
LaTeX Font Info:    Redeclaring math accent \hat on input line 104.
LaTeX Font Info:    Redeclaring math accent \dot on input line 104.
LaTeX Font Info:    Redeclaring math accent \mathring on input line 104.
LaTeX Font Info:    Redeclaring math symbol \Gamma on input line 104.
LaTeX Font Info:    Redeclaring math symbol \Delta on input line 104.
LaTeX Font Info:    Redeclaring math symbol \Theta on input line 104.
LaTeX Font Info:    Redeclaring math symbol \Lambda on input line 104.
LaTeX Font Info:    Redeclaring math symbol \Xi on input line 104.
LaTeX Font Info:    Redeclaring math symbol \Pi on input line 104.
LaTeX Font Info:    Redeclaring math symbol \Sigma on input line 104.
LaTeX Font Info:    Redeclaring math symbol \Upsilon on input line 104.
LaTeX Font Info:    Redeclaring math symbol \Phi on input line 104.
LaTeX Font Info:    Redeclaring math symbol \Psi on input line 104.
LaTeX Font Info:    Redeclaring math symbol \Omega on input line 104.
LaTeX Font Info:    Redeclaring math symbol \mathdollar on input line 104.
LaTeX Font Info:    Redeclaring symbol font `operators' on input line 104.
LaTeX Font Info:    Encoding `OT1' has changed to `TU' for symbol font
(Font)              `operators' in the math version `normal' on input line 104.
LaTeX Font Info:    Overwriting symbol font `operators' in version `normal'
(Font)                  OT1/cmr/m/n --> TU/lmr/m/n on input line 104.
LaTeX Font Info:    Encoding `OT1' has changed to `TU' for symbol font
(Font)              `operators' in the math version `bold' on input line 104.
LaTeX Font Info:    Overwriting symbol font `operators' in version `bold'
(Font)                  OT1/cmr/bx/n --> TU/lmr/m/n on input line 104.
LaTeX Font Info:    Overwriting symbol font `operators' in version `normal'
(Font)                  TU/lmr/m/n --> TU/lmr/m/n on input line 104.
LaTeX Font Info:    Overwriting math alphabet `\mathit' in version `normal'
(Font)                  OT1/cmr/m/it --> TU/lmr/m/it on input line 104.
LaTeX Font Info:    Overwriting math alphabet `\mathbf' in version `normal'
(Font)                  OT1/cmr/bx/n --> TU/lmr/b/n on input line 104.
LaTeX Font Info:    Overwriting math alphabet `\mathsf' in version `normal'
(Font)                  OT1/cmss/m/n --> TU/lmss/m/n on input line 104.
LaTeX Font Info:    Overwriting math alphabet `\mathtt' in version `normal'
(Font)                  OT1/cmtt/m/n --> TU/DroidSansMono/m/n on input line 104.
LaTeX Font Info:    Overwriting symbol font `operators' in version `bold'
(Font)                  TU/lmr/m/n --> TU/lmr/b/n on input line 104.
LaTeX Font Info:    Overwriting math alphabet `\mathit' in version `bold'
(Font)                  OT1/cmr/bx/it --> TU/lmr/b/it on input line 104.
LaTeX Font Info:    Overwriting math alphabet `\mathsf' in version `bold'
(Font)                  OT1/cmss/bx/n --> TU/lmss/b/n on input line 104.
LaTeX Font Info:    Overwriting math alphabet `\mathtt' in version `bold'
(Font)                  OT1/cmtt/m/n --> TU/DroidSansMono/b/n on input line 104.
Requested font "[lmsans17-regular]:mapping=tex-text;" at 20.74pt
 -> c:/Users/carlo/AppData/Roaming/TinyTeX/texmf-dist/fonts/opentype/public/lm/lmsans17-regular.otf
LaTeX Font Info:    Font shape `TU/lmss/b/n' in size <20.74> not available
(Font)              Font shape `TU/lmss/bx/n' tried instead on input line 106.
Requested font "[lmsans10-bold]:mapping=tex-text;" at 20.74pt
 -> c:/Users/carlo/AppData/Roaming/TinyTeX/texmf-dist/fonts/opentype/public/lm/lmsans10-bold.otf
Requested font "[lmsans12-regular]:mapping=tex-text;" at 14.4pt
 -> c:/Users/carlo/AppData/Roaming/TinyTeX/texmf-dist/fonts/opentype/public/lm/lmsans12-regular.otf
Requested font "[lmsans9-regular]:mapping=tex-text;" at 9.0pt
 -> c:/Users/carlo/AppData/Roaming/TinyTeX/texmf-dist/fonts/opentype/public/lm/lmsans9-regular.otf
LaTeX Font Info:    Font shape `TU/lmss/m/it' in size <9> not available
(Font)              Font shape `TU/lmss/m/sl' tried instead on input line 110.
Requested font "[lmsans9-oblique]:mapping=tex-text;" at 9.0pt
 -> c:/Users/carlo/AppData/Roaming/TinyTeX/texmf-dist/fonts/opentype/public/lm/lmsans9-oblique.otf
LaTeX Font Info:    Font shape `TU/lmss/b/n' in size <14.4> not available
(Font)              Font shape `TU/lmss/bx/n' tried instead on input line 120.
Requested font "[lmsans10-bold]:mapping=tex-text;" at 14.4pt
 -> c:/Users/carlo/AppData/Roaming/TinyTeX/texmf-dist/fonts/opentype/public/lm/lmsans10-bold.otf
Requested font "[lmroman7-regular]:mapping=tex-text;" at 7.0pt
 -> c:/Users/carlo/AppData/Roaming/TinyTeX/texmf-dist/fonts/opentype/public/lm/lmroman7-regular.otf
Requested font "[lmroman5-regular]:mapping=tex-text;" at 5.0pt
 -> c:/Users/carlo/AppData/Roaming/TinyTeX/texmf-dist/fonts/opentype/public/lm/lmroman5-regular.otf
Requested font "cmex7" at 7.0pt
 -> c:/Users/carlo/AppData/Roaming/TinyTeX/texmf-dist/fonts/tfm/public/amsfonts/cmextra/cmex7.tfm
Requested font "cmex7" at 5.0pt
 -> c:/Users/carlo/AppData/Roaming/TinyTeX/texmf-dist/fonts/tfm/public/amsfonts/cmextra/cmex7.tfm
LaTeX Font Info:    Trying to load font information for U+msa on input line 120.
(c:/Users/carlo/AppData/Roaming/TinyTeX/texmf-dist/tex/latex/amsfonts/umsa.fd
File: umsa.fd 2013/01/14 v3.01 AMS symbols A
)
Requested font "msam10" at 10.0pt
 -> c:/Users/carlo/AppData/Roaming/TinyTeX/texmf-dist/fonts/tfm/public/amsfonts/symbols/msam10.tfm
Requested font "msam7" at 7.0pt
 -> c:/Users/carlo/AppData/Roaming/TinyTeX/texmf-dist/fonts/tfm/public/amsfonts/symbols/msam7.tfm
Requested font "msam5" at 5.0pt
 -> c:/Users/carlo/AppData/Roaming/TinyTeX/texmf-dist/fonts/tfm/public/amsfonts/symbols/msam5.tfm
LaTeX Font Info:    Trying to load font information for U+msb on input line 120.
 (c:/Users/carlo/AppData/Roaming/TinyTeX/texmf-dist/tex/latex/amsfonts/umsb.fd
File: umsb.fd 2013/01/14 v3.01 AMS symbols B
)
Requested font "msbm10" at 10.0pt
 -> c:/Users/carlo/AppData/Roaming/TinyTeX/texmf-dist/fonts/tfm/public/amsfonts/symbols/msbm10.tfm
Requested font "msbm7" at 7.0pt
 -> c:/Users/carlo/AppData/Roaming/TinyTeX/texmf-dist/fonts/tfm/public/amsfonts/symbols/msbm7.tfm
Requested font "msbm5" at 5.0pt
 -> c:/Users/carlo/AppData/Roaming/TinyTeX/texmf-dist/fonts/tfm/public/amsfonts/symbols/msbm5.tfm
Requested font "[lmsans12-regular]:mapping=tex-text;" at 12.0pt
 -> c:/Users/carlo/AppData/Roaming/TinyTeX/texmf-dist/fonts/opentype/public/lm/lmsans12-regular.otf
LaTeX Font Info:    Font shape `TU/lmss/b/n' in size <12> not available
(Font)              Font shape `TU/lmss/bx/n' tried instead on input line 124.
Requested font "[lmsans10-bold]:mapping=tex-text;" at 12.0pt
 -> c:/Users/carlo/AppData/Roaming/TinyTeX/texmf-dist/fonts/opentype/public/lm/lmsans10-bold.otf
Requested font "[lmroman9-regular]:mapping=tex-text;" at 9.0pt
 -> c:/Users/carlo/AppData/Roaming/TinyTeX/texmf-dist/fonts/opentype/public/lm/lmroman9-regular.otf
Requested font "[lmroman6-regular]:mapping=tex-text;" at 6.0pt
 -> c:/Users/carlo/AppData/Roaming/TinyTeX/texmf-dist/fonts/opentype/public/lm/lmroman6-regular.otf
Requested font "cmmi9" at 9.0pt
 -> c:/Users/carlo/AppData/Roaming/TinyTeX/texmf-dist/fonts/tfm/public/cm/cmmi9.tfm
Requested font "cmmi6" at 6.0pt
 -> c:/Users/carlo/AppData/Roaming/TinyTeX/texmf-dist/fonts/tfm/public/cm/cmmi6.tfm
Requested font "cmsy9" at 9.0pt
 -> c:/Users/carlo/AppData/Roaming/TinyTeX/texmf-dist/fonts/tfm/public/cm/cmsy9.tfm
Requested font "cmsy6" at 6.0pt
 -> c:/Users/carlo/AppData/Roaming/TinyTeX/texmf-dist/fonts/tfm/public/cm/cmsy6.tfm
Requested font "cmex9" at 9.0pt
 -> c:/Users/carlo/AppData/Roaming/TinyTeX/texmf-dist/fonts/tfm/public/amsfonts/cmextra/cmex9.tfm
Requested font "cmex7" at 6.0pt
 -> c:/Users/carlo/AppData/Roaming/TinyTeX/texmf-dist/fonts/tfm/public/amsfonts/cmextra/cmex7.tfm
Requested font "msam10" at 9.0pt
 -> c:/Users/carlo/AppData/Roaming/TinyTeX/texmf-dist/fonts/tfm/public/amsfonts/symbols/msam10.tfm
Requested font "msam7" at 6.0pt
 -> c:/Users/carlo/AppData/Roaming/TinyTeX/texmf-dist/fonts/tfm/public/amsfonts/symbols/msam7.tfm
Requested font "msbm10" at 9.0pt
 -> c:/Users/carlo/AppData/Roaming/TinyTeX/texmf-dist/fonts/tfm/public/amsfonts/symbols/msbm10.tfm
Requested font "msbm7" at 6.0pt
 -> c:/Users/carlo/AppData/Roaming/TinyTeX/texmf-dist/fonts/tfm/public/amsfonts/symbols/msbm7.tfm
Requested font "cmr9" at 9.0pt
 -> c:/Users/carlo/AppData/Roaming/TinyTeX/texmf-dist/fonts/tfm/public/cm/cmr9.tfm
Requested font "cmr6" at 6.0pt
 -> c:/Users/carlo/AppData/Roaming/TinyTeX/texmf-dist/fonts/tfm/public/cm/cmr6.tfm
LaTeX Font Info:    Font shape `TU/lmss/b/n' in size <9> not available
(Font)              Font shape `TU/lmss/bx/n' tried instead on input line 152.
Requested font "[lmsans10-bold]:mapping=tex-text;" at 9.0pt
 -> c:/Users/carlo/AppData/Roaming/TinyTeX/texmf-dist/fonts/opentype/public/lm/lmsans10-bold.otf
LaTeX Font Info:    Font shape `TU/lmss/m/it' in size <10> not available
(Font)              Font shape `TU/lmss/m/sl' tried instead on input line 200.
Requested font "[lmsans10-oblique]:mapping=tex-text;" at 10.0pt
 -> c:/Users/carlo/AppData/Roaming/TinyTeX/texmf-dist/fonts/opentype/public/lm/lmsans10-oblique.otf
Requested font "[lmsans8-regular]:mapping=tex-text;" at 7.0pt
 -> c:/Users/carlo/AppData/Roaming/TinyTeX/texmf-dist/fonts/opentype/public/lm/lmsans8-regular.otf
Requested font "[lmsans8-regular]:mapping=tex-text;" at 5.0pt
 -> c:/Users/carlo/AppData/Roaming/TinyTeX/texmf-dist/fonts/opentype/public/lm/lmsans8-regular.otf
 [1

]
File: figures/ext_torus.png Graphic file (type bmp)
<figures/ext_torus.png>
 [2]
Requested font "[lmromandemi10-regular]:mapping=tex-text;" at 10.0pt
 -> c:/Users/carlo/AppData/Roaming/TinyTeX/texmf-dist/fonts/opentype/public/lm/lmromandemi10-regular.otf
Requested font "[lmromandemi10-regular]:mapping=tex-text;" at 7.0pt
 -> c:/Users/carlo/AppData/Roaming/TinyTeX/texmf-dist/fonts/opentype/public/lm/lmromandemi10-regular.otf
Requested font "[lmromandemi10-regular]:mapping=tex-text;" at 5.0pt
 -> c:/Users/carlo/AppData/Roaming/TinyTeX/texmf-dist/fonts/opentype/public/lm/lmromandemi10-regular.otf
Requested font "[lmromandemi10-regular]:mapping=tex-text;" at 9.0pt
 -> c:/Users/carlo/AppData/Roaming/TinyTeX/texmf-dist/fonts/opentype/public/lm/lmromandemi10-regular.otf
Requested font "[lmromandemi10-regular]:mapping=tex-text;" at 6.0pt
 -> c:/Users/carlo/AppData/Roaming/TinyTeX/texmf-dist/fonts/opentype/public/lm/lmromandemi10-regular.otf

Underfull \hbox (badness 10000) in paragraph at lines 295--295
[]|\TU/lmss/m/n/9 Representation
 []


Underfull \hbox (badness 10000) in paragraph at lines 298--298
\TU/lmss/m/n/9 embeds into
 []


Underfull \hbox (badness 10000) in paragraph at lines 299--299
[]|\TU/lmss/m/n/9 Over-
 []


Underfull \hbox (badness 10000) in paragraph at lines 299--299
\TU/lmss/m/n/9 parametrized:
 []


Underfull \hbox (badness 10000) in paragraph at lines 299--299
\TU/lmss/m/n/9 9 numbers,
 []


Underfull \hbox (badness 10000) in paragraph at lines 299--299
\TU/lmss/m/n/9 6 constraints
 []


Underfull \hbox (badness 10000) in paragraph at lines 300--300
[]|\TU/lmss/m/n/9 Euler angles
 []


Underfull \hbox (badness 10000) in paragraph at lines 301--301
\TU/lmss/m/n/9 intuitive
 []


Underfull \hbox (badness 10000) in paragraph at lines 304--304
\TU/lmss/m/n/9 gularities, cheap
 []


Underfull \hbox (badness 10000) in paragraph at lines 305--306
\TU/lmss/m/n/9 double-covers
 []


Underfull \hbox (badness 10000) in paragraph at lines 305--306
\OML/cmm/m/it/9 SO\OT1/cmr/m/n/9 (3)$ \TU/lmss/m/n/9 ($\OML/cmm/m/it/9 u; \OMS/cmsy/m/n/9 ^^@\OML/cmm/m/it/9 u$
 []


Underfull \hbox (badness 10000) in paragraph at lines 312--313
[]\TU/lmss/m/n/10 Euler (Z-Y-Z or roll-pitch-yaw) construction:
 []

File: figures/ext_axis-angle-representation.png Graphic file (type bmp)
<figures/ext_axis-angle-representation.png>
LaTeX Font Info:    Trying to load font information for TU+DroidSansMono on input line 322.
LaTeX Font Info:    No file TUDroidSansMono.fd. on input line 322.

LaTeX Font Warning: Font shape `TU/DroidSansMono/m/n' undefined
(Font)              using `TU/lmr/m/n' instead on input line 322.


Underfull \hbox (badness 10000) in paragraph at lines 343--347

 []

[3]
File: figures/ext_pointrep.png Graphic file (type bmp)
<figures/ext_pointrep.png>
File: figures/ext_collision_hull.png Graphic file (type bmp)
<figures/ext_collision_hull.png>
File: figures/ext_bug0.png Graphic file (type bmp)
<figures/ext_bug0.png>
 [4]
Requested font "[lmsans10-bold]:mapping=tex-text;" at 7.0pt
 -> c:/Users/carlo/AppData/Roaming/TinyTeX/texmf-dist/fonts/opentype/public/lm/lmsans10-bold.otf
Requested font "[lmsans10-bold]:mapping=tex-text;" at 5.0pt
 -> c:/Users/carlo/AppData/Roaming/TinyTeX/texmf-dist/fonts/opentype/public/lm/lmsans10-bold.otf

Underfull \hbox (badness 10000) in paragraph at lines 440--441
[]\TU/lmss/bx/n/10 Try it live: [][]$[][][][][] [] [] [] [][][][][][][][][][][] [] [][][][][][] [] [][] []
 []


Underfull \hbox (badness 10000) in paragraph at lines 440--441
[][][][][][][][][][][][][][][][][][][][][][][][][][][][][][][][][][][][][][][][] [] [][][][][] []
 []

[5]
File: figures/fig_tangentbug_sensing.png Graphic file (type bmp)
<figures/fig_tangentbug_sensing.png>
File: figures/fig_tangentbug_localmin.png Graphic file (type bmp)
<figures/fig_tangentbug_localmin.png>

Underfull \hbox (badness 10000) in paragraph at lines 465--466
[]\TU/lmss/bx/n/10 Try it live: [][]$[][][][][] [] [] [] [][][][][][][][][][][] [] [][][][][][] [] [][] []
 []


Underfull \hbox (badness 10000) in paragraph at lines 465--466
[][][][][][][][][][][][][][][][][][][][][][][][][][][][][][][][][][][][][][][][] [] [][][][][] []
 []


Underfull \hbox (badness 10000) in paragraph at lines 475--476
\TU/lmss/m/n/9 tee, may
 []


Underfull \hbox (badness 10000) in paragraph at lines 476--477
[]|\TU/lmss/m/n/9 predictable,
 []


Underfull \hbox (badness 10000) in paragraph at lines 477--478
[]|\TU/lmss/m/n/9 often
 []


Underfull \hbox (badness 10000) in paragraph at lines 478--478
[]|\TU/lmss/m/n/9 finite-range
 []


Underfull \hbox (badness 10000) in paragraph at lines 478--478
[]|\TU/lmss/m/n/9 greedy +
 []

File: figures/fig_potfield_charges.png Graphic file (type bmp)
<figures/fig_potfield_charges.png>
[6]
File: figures/fig_potfield_localmin.png Graphic file (type bmp)
<figures/fig_potfield_localmin.png>

Underfull \hbox (badness 10000) in paragraph at lines 519--520
[]\TU/lmss/bx/n/10 Try it live: [][]$[][][][][] [] [] [] [][][][][][][][][][][] [] [][][][][][] [] [][] []
 []


Underfull \hbox (badness 10000) in paragraph at lines 519--520
[][][][][][][][][][][][][][][][][][][][][][][][][][][][][][][][][][][][][][][][] [] [][][][][] []
 []


Underfull \hbox (badness 10000) in paragraph at lines 548--549
[]\TU/lmss/bx/n/10 Try it live: [][]$[][][][][] [] [] [] [][][][][][][][][][][] [] [][][][][][] [] [][] []
 []


Underfull \hbox (badness 10000) in paragraph at lines 548--549
[][][][][][][][][][][][][][][][][][][][][][][][][][][][][][][][][][][][][][][][] [] [][][][][] []
 []

[7]
Underfull \hbox (badness 10000) in paragraph at lines 560--561
[]\TU/lmss/bx/n/10 Try it live: [][]$[][][][][] [] [] [] [][][][][][][][][][][] [] [][][][][][] [] [][] []
 []


Underfull \hbox (badness 10000) in paragraph at lines 560--561
[][][][][][][][][][][][][][][][][][][][][][][][][][][][][][][][][][][][][][][][] [] [][][][][] []
 []

File: figures/fig_visibility_graph.png Graphic file (type bmp)
<figures/fig_visibility_graph.png>
[8]
Underfull \hbox (badness 10000) in paragraph at lines 611--612
[]\TU/lmss/bx/n/10 Try it live: [][]$[][][][][] [] [] [] [][][][][][][][][][][] [] [][][][][][] [] [][] []
 []


Underfull \hbox (badness 10000) in paragraph at lines 611--612
[][][][][][][][][][][][][][][][][][][][][][][][][][][][][][][][][][][][][][][][] [] [][][][][] []
 []

File: figures/fig_gvd.png Graphic file (type bmp)
<figures/fig_gvd.png>

Underfull \hbox (badness 10000) in paragraph at lines 629--630
[]\TU/lmss/bx/n/10 Try it live: [][]$[][][][][] [] [] [] [][][][][][][][][][][] [] [][][][][][] [] [][] []
 []


Underfull \hbox (badness 10000) in paragraph at lines 629--630
[][][][][][][][][][][][][][][][][][][][][][][][][][][][][][][][][][][][][][][][] [] [][][][][] []
 []


Underfull \hbox (badness 10000) in paragraph at lines 633--634
\TU/lmss/m/n/10 The 2D GVD generalizes to higher-dimensional
 []

File: figures/fig_gvg_disconnected.png Graphic file (type bmp)
<figures/fig_gvg_disconnected.png>
File: figures/fig_hgvg_secondorder.png Graphic file (type bmp)
<figures/fig_hgvg_secondorder.png>
[9]
Underfull \hbox (badness 10000) in paragraph at lines 665--666
[]\TU/lmss/bx/n/10 Try it live: [][]$[][][][][] [] [] [] [][][][][][][][][][][] [] [][][][][][] [] [][] []
 []


Underfull \hbox (badness 10000) in paragraph at lines 665--666
[][][][][][][][][][][][][][][][][][][][][][][][][][][][][][][][][][][][][][][][] [] [][][][][] []
 []

File: figures/fig_trap_boustrophedon.png Graphic file (type bmp)
<figures/fig_trap_boustrophedon.png>
File: figures/fig_curved_boustrophedon.png Graphic file (type bmp)
<figures/fig_curved_boustrophedon.png>

Underfull \hbox (badness 10000) in paragraph at lines 685--686
[]\TU/lmss/bx/n/10 Try it live: [][]$[][][][][] [] [] [] [][][][][][][][][][][] [] [][][][][][] [] [][] []
 []


Underfull \hbox (badness 10000) in paragraph at lines 685--686
[][][][][][][][][][][][][][][][][][][][][][][][][][][][][][][][][][][][][][][][] [] [][][][][] []
 []

LaTeX Font Info:    Font shape `TU/lmss/b/it' in size <10> not available
(Font)              Font shape `TU/lmss/bx/it' tried instead on input line 690.
LaTeX Font Info:    Font shape `TU/lmss/bx/it' in size <10> not available
(Font)              Font shape `TU/lmss/bx/sl' tried instead on input line 690.
Requested font "[lmsans10-boldoblique]:mapping=tex-text;" at 10.0pt
 -> c:/Users/carlo/AppData/Roaming/TinyTeX/texmf-dist/fonts/opentype/public/lm/lmsans10-boldoblique.otf
[10]
File: figures/fig_kdtree.png Graphic file (type bmp)
<figures/fig_kdtree.png>
File: figures/ext_quadtree.jpg Graphic file (type bmp)
<figures/ext_quadtree.jpg>

Underfull \hbox (badness 10000) in paragraph at lines 733--734
[]\TU/lmss/bx/n/10 Try it live: [][]$[][][][][] [] [] [] [][][][][][][][][][][] [] [][][][][][] [] [][] []
 []


Underfull \hbox (badness 10000) in paragraph at lines 733--734
[][][][][][][][][][][][][][][][][][][][][][][][][][][][][][][][][][][][][][][][] [] [][][][][] []
 []

[11]
File: figures/fig_prm.png Graphic file (type bmp)
<figures/fig_prm.png>

Underfull \hbox (badness 10000) in paragraph at lines 789--790
[]\TU/lmss/bx/n/10 Try it live: [][]$[][][][][] [] [] [] [][][][][][][][][][][] [] [][][][][][] [] [][] []
 []


Underfull \hbox (badness 10000) in paragraph at lines 789--790
[][][][][][][][][][][][][][][][][][][][][][][][][][][][][][][][][][][][][][][][] [] [][][][][] []
 []

File: figures/ext_obprm.png Graphic file (type bmp)
<figures/ext_obprm.png>

Underfull \hbox (badness 10000) in paragraph at lines 813--814
[]\TU/lmss/bx/n/10 Try it live: [][]$[][][][][] [] [] [] [][][][][][][][][][][] [] [][][][][][] [] [][] []
 []


Underfull \hbox (badness 10000) in paragraph at lines 813--814
[][][][][][][][][][][][][][][][][][][][][][][][][][][][][][][][][][][][][][][][] [] [][][][][] []
 []

[12]
Underfull \hbox (badness 10000) in paragraph at lines 830--831
\TU/lmss/m/n/10 Termination: trees connect, or max. #expan-
 []

File: figures/fig_rrt_tree.png Graphic file (type bmp)
<figures/fig_rrt_tree.png>
File: figures/fig_est_merge.png Graphic file (type bmp)
<figures/fig_est_merge.png>
File: figures/fig_rrt_extend.png Graphic file (type bmp)
<figures/fig_rrt_extend.png>

Underfull \hbox (badness 10000) in paragraph at lines 873--874
[]\TU/lmss/bx/n/10 Try it live: [][]$[][][][][] [] [] [] [][][][][][][][][][][] [] [][][][][][] [] [][] []
 []


Underfull \hbox (badness 10000) in paragraph at lines 873--874
[][][][][][][][][][][][][][][][][][][][][][][][][][][][][][][][][][][][][][][][] [] [][][][][] []
 []

[13]
Underfull \hbox (badness 10000) in paragraph at lines 892--893
[]\TU/lmss/bx/n/10 Try it live: [][]$[][][][][] [] [] [] [][][][][][][][][][][] [] [][][][][][] [] [][] []
 []


Underfull \hbox (badness 10000) in paragraph at lines 892--893
[][][][][][][][][][][][][][][][][][][][][][][][][][][][][][][][][][][][][][][][] [] [][][][][] []
 []

File: figures/fig_srt_roadmap.png Graphic file (type bmp)
<figures/fig_srt_roadmap.png>
File: figures/fig_prm_shortcut.png Graphic file (type bmp)
<figures/fig_prm_shortcut.png>
[14]
File: figures/fig_odometry_drift.png Graphic file (type bmp)
<figures/fig_odometry_drift.png>
 [15]
File: figures/fig_ekf_localization.png Graphic file (type bmp)
<figures/fig_ekf_localization.png>
 [16]
Underfull \hbox (badness 10000) in paragraph at lines 1115--1116
[]\TU/lmss/bx/n/10 Prediction \TU/lmss/m/n/10 — generate sigma points from
 []

File: figures/fig_bayes_localization.png Graphic file (type bmp)
<figures/fig_bayes_localization.png>
[17]
Underfull \hbox (badness 10000) in paragraph at lines 1202--1202
[]|\TU/lmss/m/n/9 best (closed
 []

File: figures/fig_grid_localization.png Graphic file (type bmp)
<figures/fig_grid_localization.png>
File: figures/fig_particle_filter.png Graphic file (type bmp)
<figures/fig_particle_filter.png>
[18]

[19] (./robot_motion_summary.aux)
 ***********
LaTeX2e <2024-11-01>
L3 programming layer <2024-11-02>
 ***********


LaTeX Font Warning: Some font shapes were not available, defaults substituted.


LaTeX Warning: Label(s) may have changed. Rerun to get cross-references right.


Package rerunfilecheck Warning: File `robot_motion_summary.out' has changed.
(rerunfilecheck)                Rerun to get outlines right
(rerunfilecheck)                or use package `bookmark'.

Package rerunfilecheck Info: Checksums for `robot_motion_summary.out':
(rerunfilecheck)             Before: <no file>
(rerunfilecheck)             After:  B1183B776F63075B8F44DA7033E43272;9595.
 ) 
Here is how much of TeX's memory you used:
 28163 strings out of 473995
 605096 string characters out of 5727329
 1065348 words of memory out of 5000000
 50585 multiletter control sequences out of 15000+600000
 566460 words of font info for 88 fonts, out of 8000000 for 9000
 1348 hyphenation exceptions out of 8191
 98i,13n,118p,1292b,1549s stack positions out of 10000i,1000n,20000p,200000b,200000s

Output written on robot_motion_summary.pdf (19 pages).
